// Jest Snapshot v1, https://goo.gl/fbAQLP

exports[`renders correctly 1`] = `
Array [
  <View
    style={
      Object {
        "borderColor": "black",
        "borderRadius": 3,
        "borderStyle": "solid",
        "borderWidth": 1.5,
        "margin": 5,
        "padding": 6,
      }
    }
  >
    <Text
      accessible={true}
      allowFontScaling={true}
      ellipsizeMode="tail"
    >
      id: 
      1
    </Text>
    <Text
      accessible={true}
      allowFontScaling={true}
      ellipsizeMode="tail"
    >
      title: 
      title1
    </Text>
    <Text
      accessible={true}
      allowFontScaling={true}
      ellipsizeMode="tail"
    >
      description: 
      description1
    </Text>
  </View>,
  <View
    style={
      Object {
        "borderColor": "black",
        "borderRadius": 3,
        "borderStyle": "solid",
        "borderWidth": 1.5,
        "margin": 5,
        "padding": 6,
      }
    }
  >
    <Text
      accessible={true}
      allowFontScaling={true}
      ellipsizeMode="tail"
    >
      id: 
      2
    </Text>
    <Text
      accessible={true}
      allowFontScaling={true}
      ellipsizeMode="tail"
    >
      title: 
      title2
    </Text>
    <Text
      accessible={true}
      allowFontScaling={true}
      ellipsizeMode="tail"
    >
      description: 
      description2
    </Text>
  </View>,
  <View
    style={
      Object {
        "borderColor": "black",
        "borderRadius": 3,
        "borderStyle": "solid",
        "borderWidth": 1.5,
        "margin": 5,
        "padding": 6,
      }
    }
  >
    <Text
      accessible={true}
      allowFontScaling={true}
      ellipsizeMode="tail"
    >
      id: 
      3
    </Text>
    <Text
      accessible={true}
      allowFontScaling={true}
      ellipsizeMode="tail"
    >
      title: 
      title3
    </Text>
    <Text
      accessible={true}
      allowFontScaling={true}
      ellipsizeMode="tail"
    >
      description: 
      description3
    </Text>
  </View>,
]
`;
